valgrind --leak-check=full ./menu
==3778== Memcheck, a memory error detector
==3778== Copyright (C) 2002-2017, and GNU GPL'd, by Julian Seward et al.
==3778== Using Valgrind-3.18.1 and LibVEX; rerun with -h for copyright info
==3778== Command: ./menu
==3778== 
==3778== 
==3778== HEAP SUMMARY:
==3778==     in use at exit: 205,568 bytes in 529 blocks
==3778==   total heap usage: 5,747 allocs, 5,218 frees, 2,771,583 bytes allocated
==3778== 
==3778== 9 bytes in 1 blocks are possibly lost in loss record 46 of 193
==3778==    at 0x4848899: malloc (in /usr/libexec/valgrind/vgpreload_memcheck-amd64-linux.so)
==3778==    by 0x4A0758E: strdup (strdup.c:42)
==3778==    by 0x4919D54: ??? (in /usr/lib/x86_64-linux-gnu/libtinfo.so.6.3)
==3778==    by 0x491D098: _nc_tiparm (in /usr/lib/x86_64-linux-gnu/libtinfo.so.6.3)
==3778==    by 0x48ED238: newterm_sp (in /usr/lib/x86_64-linux-gnu/libncurses.so.6.3)
==3778==    by 0x48EDB4C: newterm (in /usr/lib/x86_64-linux-gnu/libncurses.so.6.3)
==3778==    by 0x48EDBDF: initscr (in /usr/lib/x86_64-linux-gnu/libncurses.so.6.3)
==3778==    by 0x10ED12: _initsrc (windows.c:264)
==3778==    by 0x10B233: main (menu.c:222)
==3778== 
==3778== 24 bytes in 1 blocks are possibly lost in loss record 106 of 193
==3778==    at 0x4848899: malloc (in /usr/libexec/valgrind/vgpreload_memcheck-amd64-linux.so)
==3778==    by 0x4A7F18E: tsearch (tsearch.c:337)
==3778==    by 0x4919D6E: ??? (in /usr/lib/x86_64-linux-gnu/libtinfo.so.6.3)
==3778==    by 0x491D098: _nc_tiparm (in /usr/lib/x86_64-linux-gnu/libtinfo.so.6.3)
==3778==    by 0x48ED238: newterm_sp (in /usr/lib/x86_64-linux-gnu/libncurses.so.6.3)
==3778==    by 0x48EDB4C: newterm (in /usr/lib/x86_64-linux-gnu/libncurses.so.6.3)
==3778==    by 0x48EDBDF: initscr (in /usr/lib/x86_64-linux-gnu/libncurses.so.6.3)
==3778==    by 0x10ED12: _initsrc (windows.c:264)
==3778==    by 0x10B233: main (menu.c:222)
==3778== 
==3778== 168 bytes in 1 blocks are possibly lost in loss record 155 of 193
==3778==    at 0x484DA83: calloc (in /usr/libexec/valgrind/vgpreload_memcheck-amd64-linux.so)
==3778==    by 0x4919CCD: ??? (in /usr/lib/x86_64-linux-gnu/libtinfo.so.6.3)
==3778==    by 0x491D098: _nc_tiparm (in /usr/lib/x86_64-linux-gnu/libtinfo.so.6.3)
==3778==    by 0x48ED238: newterm_sp (in /usr/lib/x86_64-linux-gnu/libncurses.so.6.3)
==3778==    by 0x48EDB4C: newterm (in /usr/lib/x86_64-linux-gnu/libncurses.so.6.3)
==3778==    by 0x48EDBDF: initscr (in /usr/lib/x86_64-linux-gnu/libncurses.so.6.3)
==3778==    by 0x10ED12: _initsrc (windows.c:264)
==3778==    by 0x10B233: main (menu.c:222)
==3778== 
==3778== LEAK SUMMARY:
==3778==    definitely lost: 0 bytes in 0 blocks
==3778==    indirectly lost: 0 bytes in 0 blocks
==3778==      possibly lost: 201 bytes in 3 blocks
==3778==    still reachable: 205,367 bytes in 526 blocks
==3778==         suppressed: 0 bytes in 0 blocks
==3778== Reachable blocks (those to which a pointer was found) are not shown.
==3778== To see them, rerun with: --leak-check=full --show-leak-kinds=all
==3778== 
==3778== For lists of detected and suppressed errors, rerun with: -s
==3778== ERROR SUMMARY: 3 errors from 3 contexts (suppressed: 0 from 0)
